

================================================================
== Vitis HLS Report for 'sigmoid_top'
================================================================
* Date:           Mon Dec  6 19:26:09 2021

* Version:        2021.1 (Build 3247384 on Thu Jun 10 19:36:33 MDT 2021)
* Project:        sigmoid_new
* Solution:       8_8 (Vivado IP Flow Target)
* Product family: kintex7
* Target device:  xc7k325t-ffg676-2


================================================================
== Performance Estimates
================================================================
+ Timing: 
    * Summary: 
    +--------+----------+----------+------------+
    |  Clock |  Target  | Estimated| Uncertainty|
    +--------+----------+----------+------------+
    |ap_clk  |  10.00 ns|  7.297 ns|     2.70 ns|
    +--------+----------+----------+------------+

+ Latency: 
    * Summary: 
    +---------+---------+-----------+-----------+-----+-----+---------+
    |  Latency (cycles) |   Latency (absolute)  |  Interval | Pipeline|
    |   min   |   max   |    min    |    max    | min | max |   Type  |
    +---------+---------+-----------+-----------+-----+-----+---------+
    |        6|        6|  60.000 ns|  60.000 ns|    1|    1|      yes|
    +---------+---------+-----------+-----------+-----+-----+---------+

    + Detail: 
        * Instance: 
        N/A

        * Loop: 
        N/A



================================================================
== Utilization Estimates
================================================================
* Summary: 
+-----------------+---------+-----+--------+--------+-----+
|       Name      | BRAM_18K| DSP |   FF   |   LUT  | URAM|
+-----------------+---------+-----+--------+--------+-----+
|DSP              |        -|    1|       -|       -|    -|
|Expression       |        -|    -|       0|    1161|    -|
|FIFO             |        -|    -|       -|       -|    -|
|Instance         |        -|    0|       0|     172|    -|
|Memory           |        0|    -|       7|       2|    -|
|Multiplexer      |        -|    -|       -|       -|    -|
|Register         |        -|    -|     223|      32|    -|
+-----------------+---------+-----+--------+--------+-----+
|Total            |        0|    1|     230|    1367|    0|
+-----------------+---------+-----+--------+--------+-----+
|Available        |      890|  840|  407600|  203800|    0|
+-----------------+---------+-----+--------+--------+-----+
|Utilization (%)  |        0|   ~0|      ~0|      ~0|    0|
+-----------------+---------+-----+--------+--------+-----+

+ Detail: 
    * Instance: 
    +--------------------------------+-----------------------------+---------+----+---+----+-----+
    |            Instance            |            Module           | BRAM_18K| DSP| FF| LUT| URAM|
    +--------------------------------+-----------------------------+---------+----+---+----+-----+
    |dcmp_64ns_64ns_1_2_no_dsp_1_U1  |dcmp_64ns_64ns_1_2_no_dsp_1  |        0|   0|  0|   0|    0|
    |mul_8ns_5ns_10_1_1_U3           |mul_8ns_5ns_10_1_1           |        0|   0|  0|  41|    0|
    |mul_8ns_6ns_13_1_1_U2           |mul_8ns_6ns_13_1_1           |        0|   0|  0|  41|    0|
    |mul_8ns_8ns_16_1_1_U5           |mul_8ns_8ns_16_1_1           |        0|   0|  0|  41|    0|
    |mul_9s_7ns_16_1_1_U4            |mul_9s_7ns_16_1_1            |        0|   0|  0|  49|    0|
    +--------------------------------+-----------------------------+---------+----+---+----+-----+
    |Total                           |                             |        0|   0|  0| 172|    0|
    +--------------------------------+-----------------------------+---------+----+---+----+-----+

    * DSP: 
    +-----------------------------------+--------------------------------+--------------+
    |              Instance             |             Module             |  Expression  |
    +-----------------------------------+--------------------------------+--------------+
    |mac_mulsub_9s_16ns_19ns_19_4_1_U6  |mac_mulsub_9s_16ns_19ns_19_4_1  |  i0 - i1 * i2|
    +-----------------------------------+--------------------------------+--------------+

    * Memory: 
    +-------------+-----------+---------+---+----+-----+------+-----+------+-------------+
    |    Memory   |   Module  | BRAM_18K| FF| LUT| URAM| Words| Bits| Banks| W*Bits*Banks|
    +-------------+-----------+---------+---+----+-----+------+-----+------+-------------+
    |ROM_EXP_V_U  |ROM_EXP_V  |        0|  7|   2|    0|    16|    7|     1|          112|
    +-------------+-----------+---------+---+----+-----+------+-----+------+-------------+
    |Total        |           |        0|  7|   2|    0|    16|    7|     1|          112|
    +-------------+-----------+---------+---+----+-----+------+-----+------+-------------+

    * FIFO: 
    N/A

    * Expression: 
    +---------------------------+----------+----+---+-----+------------+------------+
    |       Variable Name       | Operation| DSP| FF| LUT | Bitwidth P0| Bitwidth P1|
    +---------------------------+----------+----+---+-----+------------+------------+
    |add_ln712_fu_582_p2        |         +|   0|  0|   15|           8|           6|
    |add_ln952_fu_304_p2        |         +|   0|  0|   15|           8|           7|
    |add_ln961_fu_340_p2        |         +|   0|  0|   39|          32|           7|
    |add_ln968_fu_470_p2        |         +|   0|  0|   11|          11|          11|
    |lsb_index_fu_230_p2        |         +|   0|  0|   39|          32|           7|
    |m_1_fu_429_p2              |         +|   0|  0|   71|          64|          64|
    |ret_V_1_fu_783_p2          |         +|   0|  0|   16|           9|           7|
    |x0_V_1_fu_576_p2           |         +|   0|  0|   15|           8|           6|
    |x0_V_fu_555_p2             |         +|   0|  0|   14|           7|           6|
    |ret_V_fu_721_p2            |         -|   0|  0|   16|           7|           9|
    |sub_ln947_fu_220_p2        |         -|   0|  0|   39|           4|          32|
    |sub_ln950_fu_256_p2        |         -|   0|  0|   13|           3|           4|
    |sub_ln962_fu_346_p2        |         -|   0|  0|   39|           6|          32|
    |sub_ln968_fu_465_p2        |         -|   0|  0|   11|           3|          11|
    |and_ln1549_1_fu_635_p2     |       and|   0|  0|    2|           1|           1|
    |and_ln1549_fu_630_p2       |       and|   0|  0|    2|           1|           1|
    |and_ln1560_fu_532_p2       |       and|   0|  0|    2|           1|           1|
    |and_ln949_fu_298_p2        |       and|   0|  0|    2|           1|           1|
    |and_ln952_fu_316_p2        |       and|   0|  0|    8|           8|           8|
    |p_Result_2_fu_272_p2       |       and|   0|  0|    8|           8|           8|
    |tobool29_i_i653_fu_352_p2  |       and|   0|  0|    2|           1|           1|
    |r_fu_749_p2                |      ashr|   0|  0|  147|          47|          47|
    |icmp_ln1549_1_fu_372_p2    |      icmp|   0|  0|    9|           4|           1|
    |icmp_ln1549_fu_188_p2      |      icmp|   0|  0|   11|           8|           7|
    |icmp_ln1560_1_fu_517_p2    |      icmp|   0|  0|   24|          52|           1|
    |icmp_ln1560_fu_511_p2      |      icmp|   0|  0|   11|          11|           2|
    |icmp_ln938_fu_523_p2       |      icmp|   0|  0|   11|           8|           1|
    |icmp_ln949_fu_246_p2       |      icmp|   0|  0|   17|          31|           1|
    |icmp_ln950_fu_278_p2       |      icmp|   0|  0|   11|           8|           1|
    |icmp_ln961_fu_334_p2       |      icmp|   0|  0|   18|          32|           1|
    |p_Result_3_fu_322_p2       |      icmp|   0|  0|   11|           8|           1|
    |lshr_ln950_fu_266_p2       |      lshr|   0|  0|   17|           2|           8|
    |lshr_ln961_fu_404_p2       |      lshr|   0|  0|  182|          64|          64|
    |a_fu_328_p2                |        or|   0|  0|    2|           1|           1|
    |or_ln1560_1_fu_610_p2      |        or|   0|  0|    2|           1|           1|
    |or_ln1560_fu_528_p2        |        or|   0|  0|    2|           1|           1|
    |or_ln938_fu_605_p2         |        or|   0|  0|    2|           1|           1|
    |m_fu_419_p3                |    select|   0|  0|   64|           1|          64|
    |select_ln946_fu_457_p3     |    select|   0|  0|   10|           1|          10|
    |x0_V_3_fu_616_p3           |    select|   0|  0|    8|           1|           8|
    |x0_V_4_fu_641_p3           |    select|   0|  0|    8|           1|           8|
    |x0_V_6_fu_703_p3           |    select|   0|  0|    8|           1|           7|
    |shl_ln952_fu_310_p2        |       shl|   0|  0|   17|           1|           8|
    |shl_ln962_fu_413_p2        |       shl|   0|  0|  182|          64|          64|
    |ap_enable_pp0              |       xor|   0|  0|    2|           1|           2|
    |xor_ln1560_fu_538_p2       |       xor|   0|  0|    2|           2|           1|
    |xor_ln938_fu_624_p2        |       xor|   0|  0|    2|           1|           2|
    |xor_ln952_fu_292_p2        |       xor|   0|  0|    2|           1|           2|
    +---------------------------+----------+----+---+-----+------------+------------+
    |Total                      |          |   0|  0| 1161|         577|         545|
    +---------------------------+----------+----+---+-----+------------+------------+

    * Multiplexer: 
    N/A

    * Register: 
    +-------------------------------------+----+----+-----+-----------+
    |                 Name                | FF | LUT| Bits| Const Bits|
    +-------------------------------------+----+----+-----+-----------+
    |add_ln961_reg_849                    |  32|   0|   32|          0|
    |ap_CS_fsm                            |   1|   0|    1|          0|
    |ap_enable_reg_pp0_iter1              |   1|   0|    1|          0|
    |ap_enable_reg_pp0_iter2              |   1|   0|    1|          0|
    |ap_enable_reg_pp0_iter3              |   1|   0|    1|          0|
    |ap_enable_reg_pp0_iter4              |   1|   0|    1|          0|
    |ap_enable_reg_pp0_iter5              |   1|   0|    1|          0|
    |ap_enable_reg_pp0_iter6              |   1|   0|    1|          0|
    |icmp_ln1549_1_reg_869                |   1|   0|    1|          0|
    |icmp_ln1549_1_reg_869_pp0_iter1_reg  |   1|   0|    1|          0|
    |icmp_ln1549_reg_838                  |   1|   0|    1|          0|
    |icmp_ln1560_1_reg_894                |   1|   0|    1|          0|
    |icmp_ln1560_reg_889                  |   1|   0|    1|          0|
    |icmp_ln961_reg_844                   |   1|   0|    1|          0|
    |in_read_reg_830                      |   8|   0|    8|          0|
    |in_read_reg_830_pp0_iter1_reg        |   8|   0|    8|          0|
    |j_reg_909                            |   8|   0|    8|          0|
    |r_V_reg_904                          |  13|   0|   13|          0|
    |sub_ln962_reg_854                    |  32|   0|   32|          0|
    |tmp_2_reg_874                        |   3|   0|    3|          0|
    |tmp_2_reg_874_pp0_iter1_reg          |   3|   0|    3|          0|
    |tmp_3_reg_879                        |   5|   0|    5|          0|
    |tmp_3_reg_879_pp0_iter1_reg          |   5|   0|    5|          0|
    |tobool29_i_i653_reg_859              |   1|   0|    1|          0|
    |trunc_ln1352_reg_919                 |   5|   0|    6|          1|
    |trunc_ln1352_reg_919_pp0_iter4_reg   |   5|   0|    6|          1|
    |trunc_ln946_reg_864                  |  11|   0|   11|          0|
    |x0_V_4_reg_899                       |   7|   0|    8|          1|
    |icmp_ln1549_reg_838                  |  64|  32|    1|          0|
    +-------------------------------------+----+----+-----+-----------+
    |Total                                | 223|  32|  163|          3|
    +-------------------------------------+----+----+-----+-----------+



================================================================
== Interface
================================================================
* Summary: 
+-----------+-----+-----+------------+--------------+--------------+
| RTL Ports | Dir | Bits|  Protocol  | Source Object|    C Type    |
+-----------+-----+-----+------------+--------------+--------------+
|ap_clk     |   in|    1|  ap_ctrl_hs|   sigmoid_top|  return value|
|ap_rst     |   in|    1|  ap_ctrl_hs|   sigmoid_top|  return value|
|ap_start   |   in|    1|  ap_ctrl_hs|   sigmoid_top|  return value|
|ap_done    |  out|    1|  ap_ctrl_hs|   sigmoid_top|  return value|
|ap_idle    |  out|    1|  ap_ctrl_hs|   sigmoid_top|  return value|
|ap_ready   |  out|    1|  ap_ctrl_hs|   sigmoid_top|  return value|
|ap_return  |  out|    8|  ap_ctrl_hs|   sigmoid_top|  return value|
|in_r       |   in|    8|     ap_none|          in_r|        scalar|
+-----------+-----+-----+------------+--------------+--------------+

