

================================================================
== Vitis HLS Report for 'sigmoid_plan'
================================================================
* Date:           Tue Dec  7 16:48:31 2021

* Version:        2021.1 (Build 3247384 on Thu Jun 10 19:36:33 MDT 2021)
* Project:        sigmoid_new
* Solution:       PLAN16_8_200m (Vivado IP Flow Target)
* Product family: kintex7
* Target device:  xc7k325t-ffg676-2


================================================================
== Performance Estimates
================================================================
+ Timing: 
    * Summary: 
    +--------+---------+----------+------------+
    |  Clock |  Target | Estimated| Uncertainty|
    +--------+---------+----------+------------+
    |ap_clk  |  5.00 ns|  3.553 ns|     1.35 ns|
    +--------+---------+----------+------------+

+ Latency: 
    * Summary: 
    +---------+---------+-----------+-----------+-----+-----+---------+
    |  Latency (cycles) |   Latency (absolute)  |  Interval | Pipeline|
    |   min   |   max   |    min    |    max    | min | max |   Type  |
    +---------+---------+-----------+-----------+-----+-----+---------+
    |        6|        6|  30.000 ns|  30.000 ns|    1|    1|      yes|
    +---------+---------+-----------+-----------+-----+-----+---------+

    + Detail: 
        * Instance: 
        N/A

        * Loop: 
        N/A



================================================================
== Utilization Estimates
================================================================
* Summary: 
+-----------------+---------+-----+--------+--------+-----+
|       Name      | BRAM_18K| DSP |   FF   |   LUT  | URAM|
+-----------------+---------+-----+--------+--------+-----+
|DSP              |        -|    -|       -|       -|    -|
|Expression       |        -|    -|       0|    1069|    -|
|FIFO             |        -|    -|       -|       -|    -|
|Instance         |        -|    -|       -|       -|    -|
|Memory           |        -|    -|       -|       -|    -|
|Multiplexer      |        -|    -|       -|       -|    -|
|Register         |        -|    -|     853|     256|    -|
+-----------------+---------+-----+--------+--------+-----+
|Total            |        0|    0|     853|    1325|    0|
+-----------------+---------+-----+--------+--------+-----+
|Available        |      890|  840|  407600|  203800|    0|
+-----------------+---------+-----+--------+--------+-----+
|Utilization (%)  |        0|    0|      ~0|      ~0|    0|
+-----------------+---------+-----+--------+--------+-----+

+ Detail: 
    * Instance: 
    +--------------------------------+-----------------------------+---------+----+---+----+-----+
    |            Instance            |            Module           | BRAM_18K| DSP| FF| LUT| URAM|
    +--------------------------------+-----------------------------+---------+----+---+----+-----+
    |dcmp_64ns_64ns_1_2_no_dsp_1_U1  |dcmp_64ns_64ns_1_2_no_dsp_1  |        0|   0|  0|   0|    0|
    +--------------------------------+-----------------------------+---------+----+---+----+-----+
    |Total                           |                             |        0|   0|  0|   0|    0|
    +--------------------------------+-----------------------------+---------+----+---+----+-----+

    * DSP: 
    N/A

    * Memory: 
    N/A

    * FIFO: 
    N/A

    * Expression: 
    +---------------------------+----------+----+---+-----+------------+------------+
    |       Variable Name       | Operation| DSP| FF| LUT | Bitwidth P0| Bitwidth P1|
    +---------------------------+----------+----+---+-----+------------+------------+
    |add_ln952_fu_171_p2        |         +|   0|  0|   23|          16|           7|
    |add_ln961_fu_322_p2        |         +|   0|  0|   39|          32|           7|
    |add_ln968_fu_434_p2        |         +|   0|  0|   11|          11|          11|
    |lsb_index_fu_227_p2        |         +|   0|  0|   39|          32|           7|
    |m_1_fu_379_p2              |         +|   0|  0|   71|          64|          64|
    |x0_V_1_fu_495_p2           |         +|   0|  0|   20|          13|          12|
    |x0_V_2_fu_500_p2           |         +|   0|  0|   20|          13|          12|
    |x0_V_fu_489_p2             |         +|   0|  0|   20|          13|          12|
    |sub_ln947_fu_157_p2        |         -|   0|  0|   39|           5|          32|
    |sub_ln950_fu_248_p2        |         -|   0|  0|   13|           3|           5|
    |sub_ln962_fu_327_p2        |         -|   0|  0|   39|           6|          32|
    |sub_ln968_fu_429_p2        |         -|   0|  0|   11|           3|          11|
    |and_ln1549_1_fu_525_p2     |       and|   0|  0|    2|           1|           1|
    |and_ln1549_fu_520_p2       |       and|   0|  0|    2|           1|           1|
    |and_ln1560_fu_474_p2       |       and|   0|  0|    2|           1|           1|
    |and_ln949_fu_288_p2        |       and|   0|  0|    2|           1|           1|
    |and_ln952_fu_299_p2        |       and|   0|  0|   16|          16|          16|
    |p_Result_2_fu_263_p2       |       and|   0|  0|   16|          16|          16|
    |tobool29_i_i286_fu_332_p2  |       and|   0|  0|    2|           1|           1|
    |icmp_ln1549_1_fu_191_p2    |      icmp|   0|  0|    9|           4|           1|
    |icmp_ln1549_fu_338_p2      |      icmp|   0|  0|   13|          16|          15|
    |icmp_ln1560_1_fu_413_p2    |      icmp|   0|  0|   24|          52|           1|
    |icmp_ln1560_fu_460_p2      |      icmp|   0|  0|   11|          11|           2|
    |icmp_ln938_fu_343_p2       |      icmp|   0|  0|   13|          16|           1|
    |icmp_ln949_fu_242_p2       |      icmp|   0|  0|   17|          31|           1|
    |icmp_ln950_fu_268_p2       |      icmp|   0|  0|   13|          16|           1|
    |icmp_ln961_fu_316_p2       |      icmp|   0|  0|   18|          32|           1|
    |p_Result_3_fu_304_p2       |      icmp|   0|  0|   13|          16|           1|
    |lshr_ln950_fu_257_p2       |      lshr|   0|  0|   35|           2|          16|
    |lshr_ln961_fu_354_p2       |      lshr|   0|  0|  182|          64|          64|
    |a_fu_310_p2                |        or|   0|  0|    2|           1|           1|
    |or_ln1549_fu_530_p2        |        or|   0|  0|    2|           1|           1|
    |or_ln1560_1_fu_509_p2      |        or|   0|  0|    2|           1|           1|
    |or_ln1560_fu_470_p2        |        or|   0|  0|    2|           1|           1|
    |or_ln938_fu_505_p2         |        or|   0|  0|    2|           1|           1|
    |ap_return                  |    select|   0|  0|    8|           1|           8|
    |m_fu_369_p3                |    select|   0|  0|   64|           1|          64|
    |select_ln1549_1_fu_572_p3  |    select|   0|  0|    8|           1|           8|
    |select_ln1549_fu_545_p3    |    select|   0|  0|    9|           1|           9|
    |select_ln946_fu_422_p3     |    select|   0|  0|   10|           1|          10|
    |shl_ln952_fu_294_p2        |       shl|   0|  0|   35|           1|          16|
    |shl_ln962_fu_363_p2        |       shl|   0|  0|  182|          64|          64|
    |ap_enable_pp0              |       xor|   0|  0|    2|           1|           2|
    |xor_ln1560_fu_480_p2       |       xor|   0|  0|    2|           2|           1|
    |xor_ln938_fu_514_p2        |       xor|   0|  0|    2|           1|           2|
    |xor_ln952_fu_282_p2        |       xor|   0|  0|    2|           1|           2|
    +---------------------------+----------+----+---+-----+------------+------------+
    |Total                      |          |   0|  0| 1069|         588|         544|
    +---------------------------+----------+----+---+-----+------------+------------+

    * Multiplexer: 
    N/A

    * Register: 
    +-----------------------------------+----+----+-----+-----------+
    |                Name               | FF | LUT| Bits| Const Bits|
    +-----------------------------------+----+----+-----+-----------+
    |add_ln952_reg_609                  |  16|   0|   16|          0|
    |add_ln961_reg_644                  |  32|   0|   32|          0|
    |ap_CS_fsm                          |   1|   0|    1|          0|
    |ap_enable_reg_pp0_iter1            |   1|   0|    1|          0|
    |ap_enable_reg_pp0_iter2            |   1|   0|    1|          0|
    |ap_enable_reg_pp0_iter3            |   1|   0|    1|          0|
    |ap_enable_reg_pp0_iter4            |   1|   0|    1|          0|
    |ap_enable_reg_pp0_iter5            |   1|   0|    1|          0|
    |ap_enable_reg_pp0_iter6            |   1|   0|    1|          0|
    |icmp_ln1549_1_reg_619              |   1|   0|    1|          0|
    |icmp_ln1549_reg_659                |   1|   0|    1|          0|
    |icmp_ln1560_1_reg_681              |   1|   0|    1|          0|
    |icmp_ln1560_reg_691                |   1|   0|    1|          0|
    |icmp_ln1560_reg_691_pp0_iter4_reg  |   1|   0|    1|          0|
    |icmp_ln938_reg_666                 |   1|   0|    1|          0|
    |icmp_ln961_reg_639                 |   1|   0|    1|          0|
    |in_read_reg_588                    |  16|   0|   16|          0|
    |in_read_reg_588_pp0_iter1_reg      |  16|   0|   16|          0|
    |m_4_reg_671                        |  63|   0|   63|          0|
    |p_Result_4_reg_676                 |   1|   0|    1|          0|
    |p_Result_7_reg_686                 |  64|   0|   64|          0|
    |sub_ln947_reg_597                  |  32|   0|   32|          0|
    |sub_ln962_reg_649                  |  32|   0|   32|          0|
    |tobool29_i_i286_reg_654            |   1|   0|    1|          0|
    |trunc_ln1385_1_reg_629             |  13|   0|   13|          0|
    |trunc_ln1385_2_reg_634             |  13|   0|   13|          0|
    |trunc_ln4_reg_624                  |  11|   0|   11|          0|
    |trunc_ln946_reg_614                |  11|   0|   11|          0|
    |trunc_ln950_reg_604                |   5|   0|    5|          0|
    |xor_ln1560_reg_701                 |   1|   0|    1|          0|
    |icmp_ln1549_1_reg_619              |  64|  32|    1|          0|
    |icmp_ln1549_reg_659                |  64|  32|    1|          0|
    |icmp_ln1560_1_reg_681              |  64|  32|    1|          0|
    |icmp_ln938_reg_666                 |  64|  32|    1|          0|
    |trunc_ln1385_1_reg_629             |  64|  32|   13|          0|
    |trunc_ln1385_2_reg_634             |  64|  32|   13|          0|
    |trunc_ln4_reg_624                  |  64|  32|   11|          0|
    |trunc_ln946_reg_614                |  64|  32|   11|          0|
    +-----------------------------------+----+----+-----+-----------+
    |Total                              | 853| 256|  393|          0|
    +-----------------------------------+----+----+-----+-----------+



================================================================
== Interface
================================================================
* Summary: 
+-----------+-----+-----+------------+--------------+--------------+
| RTL Ports | Dir | Bits|  Protocol  | Source Object|    C Type    |
+-----------+-----+-----+------------+--------------+--------------+
|ap_clk     |   in|    1|  ap_ctrl_hs|  sigmoid_plan|  return value|
|ap_rst     |   in|    1|  ap_ctrl_hs|  sigmoid_plan|  return value|
|ap_start   |   in|    1|  ap_ctrl_hs|  sigmoid_plan|  return value|
|ap_done    |  out|    1|  ap_ctrl_hs|  sigmoid_plan|  return value|
|ap_idle    |  out|    1|  ap_ctrl_hs|  sigmoid_plan|  return value|
|ap_ready   |  out|    1|  ap_ctrl_hs|  sigmoid_plan|  return value|
|ap_return  |  out|    8|  ap_ctrl_hs|  sigmoid_plan|  return value|
|in_r       |   in|   16|     ap_none|          in_r|        scalar|
+-----------+-----+-----+------------+--------------+--------------+

