

================================================================
== Vitis HLS Report for 'sigmoid_top'
================================================================
* Date:           Tue Dec  7 16:25:45 2021

* Version:        2021.1 (Build 3247384 on Thu Jun 10 19:36:33 MDT 2021)
* Project:        sigmoid_new
* Solution:       8_8_200m (Vivado IP Flow Target)
* Product family: kintex7
* Target device:  xc7k325t-ffg676-2


================================================================
== Performance Estimates
================================================================
+ Timing: 
    * Summary: 
    +--------+---------+----------+------------+
    |  Clock |  Target | Estimated| Uncertainty|
    +--------+---------+----------+------------+
    |ap_clk  |  5.00 ns|  3.553 ns|     1.35 ns|
    +--------+---------+----------+------------+

+ Latency: 
    * Summary: 
    +---------+---------+-----------+-----------+-----+-----+---------+
    |  Latency (cycles) |   Latency (absolute)  |  Interval | Pipeline|
    |   min   |   max   |    min    |    max    | min | max |   Type  |
    +---------+---------+-----------+-----------+-----+-----+---------+
    |       11|       11|  55.000 ns|  55.000 ns|    1|    1|      yes|
    +---------+---------+-----------+-----------+-----+-----+---------+

    + Detail: 
        * Instance: 
        N/A

        * Loop: 
        N/A



================================================================
== Utilization Estimates
================================================================
* Summary: 
+-----------------+---------+-----+--------+--------+-----+
|       Name      | BRAM_18K| DSP |   FF   |   LUT  | URAM|
+-----------------+---------+-----+--------+--------+-----+
|DSP              |        -|    1|       -|       -|    -|
|Expression       |        -|    -|       0|    1167|    -|
|FIFO             |        -|    -|       -|       -|    -|
|Instance         |        -|    0|       0|     172|    -|
|Memory           |        0|    -|       7|       2|    -|
|Multiplexer      |        -|    -|       -|       -|    -|
|Register         |        -|    -|     889|     256|    -|
+-----------------+---------+-----+--------+--------+-----+
|Total            |        0|    1|     896|    1597|    0|
+-----------------+---------+-----+--------+--------+-----+
|Available        |      890|  840|  407600|  203800|    0|
+-----------------+---------+-----+--------+--------+-----+
|Utilization (%)  |        0|   ~0|      ~0|      ~0|    0|
+-----------------+---------+-----+--------+--------+-----+

+ Detail: 
    * Instance: 
    +--------------------------------+-----------------------------+---------+----+---+----+-----+
    |            Instance            |            Module           | BRAM_18K| DSP| FF| LUT| URAM|
    +--------------------------------+-----------------------------+---------+----+---+----+-----+
    |dcmp_64ns_64ns_1_2_no_dsp_1_U1  |dcmp_64ns_64ns_1_2_no_dsp_1  |        0|   0|  0|   0|    0|
    |mul_8ns_5ns_10_1_1_U3           |mul_8ns_5ns_10_1_1           |        0|   0|  0|  41|    0|
    |mul_8ns_6ns_13_1_1_U2           |mul_8ns_6ns_13_1_1           |        0|   0|  0|  41|    0|
    |mul_8ns_8ns_16_1_1_U5           |mul_8ns_8ns_16_1_1           |        0|   0|  0|  41|    0|
    |mul_9s_7ns_16_1_1_U4            |mul_9s_7ns_16_1_1            |        0|   0|  0|  49|    0|
    +--------------------------------+-----------------------------+---------+----+---+----+-----+
    |Total                           |                             |        0|   0|  0| 172|    0|
    +--------------------------------+-----------------------------+---------+----+---+----+-----+

    * DSP: 
    +-----------------------------------+--------------------------------+--------------+
    |              Instance             |             Module             |  Expression  |
    +-----------------------------------+--------------------------------+--------------+
    |mac_mulsub_9s_16ns_19ns_19_4_1_U6  |mac_mulsub_9s_16ns_19ns_19_4_1  |  i0 - i1 * i2|
    +-----------------------------------+--------------------------------+--------------+

    * Memory: 
    +-------------+-----------+---------+---+----+-----+------+-----+------+-------------+
    |    Memory   |   Module  | BRAM_18K| FF| LUT| URAM| Words| Bits| Banks| W*Bits*Banks|
    +-------------+-----------+---------+---+----+-----+------+-----+------+-------------+
    |ROM_EXP_V_U  |ROM_EXP_V  |        0|  7|   2|    0|    16|    7|     1|          112|
    +-------------+-----------+---------+---+----+-----+------+-----+------+-------------+
    |Total        |           |        0|  7|   2|    0|    16|    7|     1|          112|
    +-------------+-----------+---------+---+----+-----+------+-----+------+-------------+

    * FIFO: 
    N/A

    * Expression: 
    +---------------------------+----------+----+---+-----+------------+------------+
    |       Variable Name       | Operation| DSP| FF| LUT | Bitwidth P0| Bitwidth P1|
    +---------------------------+----------+----+---+-----+------------+------------+
    |add_ln952_fu_220_p2        |         +|   0|  0|   15|           8|           7|
    |add_ln961_fu_351_p2        |         +|   0|  0|   39|          32|           7|
    |add_ln968_fu_458_p2        |         +|   0|  0|   11|          11|          11|
    |lsb_index_fu_256_p2        |         +|   0|  0|   39|          32|           7|
    |m_1_fu_398_p2              |         +|   0|  0|   71|          64|          64|
    |ret_V_1_fu_587_p2          |         +|   0|  0|   17|          10|           8|
    |ret_V_2_fu_600_p2          |         +|   0|  0|   17|          10|           8|
    |ret_V_4_fu_759_p2          |         +|   0|  0|   16|           9|           7|
    |ret_V_fu_570_p2            |         +|   0|  0|   16|           9|           8|
    |ret_V_3_fu_685_p2          |         -|   0|  0|   16|           7|           9|
    |sub_ln947_fu_206_p2        |         -|   0|  0|   39|           4|          32|
    |sub_ln950_fu_277_p2        |         -|   0|  0|   13|           3|           4|
    |sub_ln962_fu_356_p2        |         -|   0|  0|   39|           6|          32|
    |sub_ln968_fu_453_p2        |         -|   0|  0|   11|           3|          11|
    |and_ln1549_1_fu_627_p2     |       and|   0|  0|    2|           1|           1|
    |and_ln1549_fu_622_p2       |       and|   0|  0|    2|           1|           1|
    |and_ln1560_fu_527_p2       |       and|   0|  0|    2|           1|           1|
    |and_ln949_fu_317_p2        |       and|   0|  0|    2|           1|           1|
    |and_ln952_fu_328_p2        |       and|   0|  0|    8|           8|           8|
    |p_Result_2_fu_292_p2       |       and|   0|  0|    8|           8|           8|
    |tobool29_i_i679_fu_361_p2  |       and|   0|  0|    2|           1|           1|
    |r_fu_739_p2                |      ashr|   0|  0|  147|          47|          47|
    |icmp_ln1549_1_fu_240_p2    |      icmp|   0|  0|    9|           4|           1|
    |icmp_ln1549_fu_438_p2      |      icmp|   0|  0|   11|           8|           7|
    |icmp_ln1560_1_fu_432_p2    |      icmp|   0|  0|   24|          52|           1|
    |icmp_ln1560_fu_484_p2      |      icmp|   0|  0|   11|          11|           2|
    |icmp_ln938_fu_562_p2       |      icmp|   0|  0|   11|           8|           1|
    |icmp_ln949_fu_271_p2       |      icmp|   0|  0|   17|          31|           1|
    |icmp_ln950_fu_297_p2       |      icmp|   0|  0|   11|           8|           1|
    |icmp_ln961_fu_345_p2       |      icmp|   0|  0|   18|          32|           1|
    |p_Result_3_fu_333_p2       |      icmp|   0|  0|   11|           8|           1|
    |lshr_ln950_fu_286_p2       |      lshr|   0|  0|   17|           2|           8|
    |lshr_ln961_fu_373_p2       |      lshr|   0|  0|  182|          64|          64|
    |a_fu_339_p2                |        or|   0|  0|    2|           1|           1|
    |or_ln1560_1_fu_611_p2      |        or|   0|  0|    2|           1|           1|
    |or_ln1560_fu_523_p2        |        or|   0|  0|    2|           1|           1|
    |or_ln938_fu_606_p2         |        or|   0|  0|    2|           1|           1|
    |m_fu_388_p3                |    select|   0|  0|   64|           1|          64|
    |select_ln1560_fu_666_p3    |    select|   0|  0|    8|           1|           8|
    |select_ln946_fu_446_p3     |    select|   0|  0|   10|           1|          10|
    |x0_V_2_fu_691_p3           |    select|   0|  0|    8|           1|           7|
    |x0_V_fu_674_p3             |    select|   0|  0|    8|           1|           8|
    |shl_ln952_fu_323_p2        |       shl|   0|  0|   17|           1|           8|
    |shl_ln962_fu_382_p2        |       shl|   0|  0|  182|          64|          64|
    |ap_enable_pp0              |       xor|   0|  0|    2|           1|           2|
    |xor_ln1560_fu_533_p2       |       xor|   0|  0|    2|           2|           1|
    |xor_ln938_fu_616_p2        |       xor|   0|  0|    2|           1|           2|
    |xor_ln952_fu_311_p2        |       xor|   0|  0|    2|           1|           2|
    +---------------------------+----------+----+---+-----+------------+------------+
    |Total                      |          |   0|  0| 1167|         583|         551|
    +---------------------------+----------+----+---+-----+------------+------------+

    * Multiplexer: 
    N/A

    * Register: 
    +-----------------------------------+----+----+-----+-----------+
    |                Name               | FF | LUT| Bits| Const Bits|
    +-----------------------------------+----+----+-----+-----------+
    |add_ln952_reg_829                  |   8|   0|    8|          0|
    |add_ln961_reg_854                  |  32|   0|   32|          0|
    |ap_CS_fsm                          |   1|   0|    1|          0|
    |ap_enable_reg_pp0_iter1            |   1|   0|    1|          0|
    |ap_enable_reg_pp0_iter10           |   1|   0|    1|          0|
    |ap_enable_reg_pp0_iter11           |   1|   0|    1|          0|
    |ap_enable_reg_pp0_iter2            |   1|   0|    1|          0|
    |ap_enable_reg_pp0_iter3            |   1|   0|    1|          0|
    |ap_enable_reg_pp0_iter4            |   1|   0|    1|          0|
    |ap_enable_reg_pp0_iter5            |   1|   0|    1|          0|
    |ap_enable_reg_pp0_iter6            |   1|   0|    1|          0|
    |ap_enable_reg_pp0_iter7            |   1|   0|    1|          0|
    |ap_enable_reg_pp0_iter8            |   1|   0|    1|          0|
    |ap_enable_reg_pp0_iter9            |   1|   0|    1|          0|
    |icmp_ln1549_1_reg_839              |   1|   0|    1|          0|
    |icmp_ln1549_reg_884                |   1|   0|    1|          0|
    |icmp_ln1560_1_reg_879              |   1|   0|    1|          0|
    |icmp_ln1560_reg_895                |   1|   0|    1|          0|
    |icmp_ln1560_reg_895_pp0_iter4_reg  |   1|   0|    1|          0|
    |icmp_ln961_reg_849                 |   1|   0|    1|          0|
    |in_read_reg_805                    |   8|   0|    8|          0|
    |j_reg_926                          |   8|   0|    8|          0|
    |m_5_reg_869                        |  63|   0|   63|          0|
    |n_reg_910                          |   4|   0|    4|          0|
    |p_Result_4_reg_874                 |   1|   0|    1|          0|
    |p_Result_7_reg_890                 |  64|   0|   64|          0|
    |r_1_reg_844                        |   7|   0|    7|          0|
    |r_V_1_reg_946                      |   7|   0|    7|          0|
    |r_V_2_reg_951                      |  16|   0|   16|          0|
    |r_V_4_reg_961                      |  16|   0|   16|          0|
    |r_V_reg_905                        |  13|   0|   13|          0|
    |ret_V_3_reg_941                    |   9|   0|    9|          0|
    |sub_ln947_reg_817                  |  32|   0|   32|          0|
    |sub_ln962_reg_859                  |  32|   0|   32|          0|
    |tmp_5_reg_915                      |   8|   0|    8|          0|
    |tobool29_i_i679_reg_864            |   1|   0|    1|          0|
    |trunc_ln1352_reg_956               |   6|   0|    6|          0|
    |trunc_ln946_reg_834                |  11|   0|   11|          0|
    |trunc_ln950_reg_824                |   4|   0|    4|          0|
    |x0_V_reg_936                       |   8|   0|    8|          0|
    |xor_ln1560_reg_920                 |   1|   0|    1|          0|
    |icmp_ln1549_1_reg_839              |  64|  32|    1|          0|
    |icmp_ln1549_reg_884                |  64|  32|    1|          0|
    |icmp_ln1560_1_reg_879              |  64|  32|    1|          0|
    |in_read_reg_805                    |  64|  32|    8|          0|
    |r_1_reg_844                        |  64|  32|    7|          0|
    |r_V_reg_905                        |  64|  32|   13|          0|
    |trunc_ln1352_reg_956               |  64|  32|    6|          0|
    |trunc_ln946_reg_834                |  64|  32|   11|          0|
    +-----------------------------------+----+----+-----+-----------+
    |Total                              | 889| 256|  425|          0|
    +-----------------------------------+----+----+-----+-----------+



================================================================
== Interface
================================================================
* Summary: 
+-----------+-----+-----+------------+--------------+--------------+
| RTL Ports | Dir | Bits|  Protocol  | Source Object|    C Type    |
+-----------+-----+-----+------------+--------------+--------------+
|ap_clk     |   in|    1|  ap_ctrl_hs|   sigmoid_top|  return value|
|ap_rst     |   in|    1|  ap_ctrl_hs|   sigmoid_top|  return value|
|ap_start   |   in|    1|  ap_ctrl_hs|   sigmoid_top|  return value|
|ap_done    |  out|    1|  ap_ctrl_hs|   sigmoid_top|  return value|
|ap_idle    |  out|    1|  ap_ctrl_hs|   sigmoid_top|  return value|
|ap_ready   |  out|    1|  ap_ctrl_hs|   sigmoid_top|  return value|
|ap_return  |  out|    8|  ap_ctrl_hs|   sigmoid_top|  return value|
|in_r       |   in|    8|     ap_none|          in_r|        scalar|
+-----------+-----+-----+------------+--------------+--------------+

