Copyright 1986-2021 Xilinx, Inc. All Rights Reserved.
---------------------------------------------------------------------------------------------
| Tool Version : Vivado v.2021.1 (win64) Build 3247384 Thu Jun 10 19:36:33 MDT 2021
| Date         : Tue Dec  7 16:28:03 2021
| Host         : DESKTOP-B55N7T0 running 64-bit major release  (build 9200)
| Command      : report_design_analysis -file ./report/sigmoid_top_design_analysis_synth.rpt
| Design       : bd_0_wrapper
| Device       : xc7k325t
| Design State : Synthesized
---------------------------------------------------------------------------------------------

Report Design Analysis

Table of Contents
-----------------
1. Setup Path Characteristics 1-1
2. Logic Level Distribution
3. Placer Final Level Congestion Reporting
4. SLR Net Crossing Reporting

1. Setup Path Characteristics 1-1
---------------------------------

+---------------------------+------------------------------+
|      Characteristics      |            Path #1           |
+---------------------------+------------------------------+
| Requirement               | 5.000                        |
| Path Delay                | 3.326                        |
| Logic Delay               | 2.860(86%)                   |
| Net Delay                 | 0.466(14%)                   |
| Clock Skew                | -0.027                       |
| Slack                     | 1.351                        |
| Clock Relationship        | Safely Timed                 |
| Clock Group               | 1                            |
| Logic Levels              | 0                            |
| Routes                    | NA                           |
| Logical Path              | DSP48E1/CLK-(2)-DSP48E1/A[0] |
| Start Point Clock         | ap_clk                       |
| End Point Clock           | ap_clk                       |
| DSP Block                 | Seq                          |
| BRAM                      | None                         |
| IO Crossings              | 0                            |
| Config Crossings          | 0                            |
| SLR Crossings             | 0                            |
| PBlocks                   | 0                            |
| High Fanout               | 2                            |
| Dont Touch                | 0                            |
| Mark Debug                | 0                            |
| Start Point Pin Primitive | DSP48E1/CLK                  |
| End Point Pin Primitive   | DSP48E1/A[0]                 |
| Start Point Pin           | dout/CLK                     |
| End Point Pin             | j_reg_926_reg/A[0]           |
+---------------------------+------------------------------+
* Bounding box calculated as % of dimensions for the target device (396, 700)


2. Logic Level Distribution
---------------------------

+-----------------+-------------+-----+----+----+----+---+
| End Point Clock | Requirement |  0  |  1 |  2 |  3 | 4 |
+-----------------+-------------+-----+----+----+----+---+
| ap_clk          | 5.000ns     | 174 | 75 | 39 | 11 | 8 |
+-----------------+-------------+-----+----+----+----+---+
* Columns represent the logic levels per end point clock
** Distribution is for top worst 307 paths


3. Placer Final Level Congestion Reporting
------------------------------------------

+-----------+------+-------+------------+--------+---------------+---------------+-----+--------+------+------+------+-----+-------+-----+------------+
| Direction | Type | Level | Congestion | Window | Combined LUTs | Avg LUT Input | LUT | LUTRAM | Flop | MUXF | RAMB | DSP | CARRY | SRL | Cell Names |
+-----------+------+-------+------------+--------+---------------+---------------+-----+--------+------+------+------+-----+-------+-----+------------+
* The design has not been placed, hence congestion data is not available. The command report_design_analysis -congestion should be run only after place_design has completed.


4. SLR Net Crossing Reporting
-----------------------------

+------------+-----------------------------+
| Cell Names | Number of Nets crossing SLR |
+------------+-----------------------------+
* The current part is not an SSI device


